// Jest Snapshot v1, https://goo.gl/fbAQLP

exports[`Tests to <GifItem /> Verified the snapshot 1`] = `
<div>
  <div
    class="card"
  >
    <img
      alt="Adventure Time"
      src="https://github.com/"
    />
    <p>
      Adventure Time
    </p>
  </div>
</div>
`;
